exports[`test renders correctly 1`] = `
ShallowWrapper {
  "complexSelector": ComplexSelector {
    "buildPredicate": [Function],
    "childrenOfNode": [Function],
    "findWhereUnwrapped": [Function],
  },
  "length": 1,
  "node": <div
    className="App">
    <div
        className="App-header">
        <img
            alt="logo"
            className="App-logo"
            src="logo.svg" />
        <h2>
            Welcome to React
        </h2>
    </div>
    <p
        className="App-intro">
        To get started, edit 
        <code>
            src/App.js
        </code>
         and save to reload.
    </p>
</div>,
  "nodes": Array [
    <div
      className="App">
      <div
            className="App-header">
            <img
                  alt="logo"
                  className="App-logo"
                  src="logo.svg" />
            <h2>
                  Welcome to React
            </h2>
      </div>
      <p
            className="App-intro">
            To get started, edit 
            <code>
                  src/App.js
            </code>
             and save to reload.
      </p>
</div>,
  ],
  "options": Object {},
  "renderer": ReactShallowRenderer {
    "_instance": ShallowComponentWrapper {
      "_calledComponentWillUnmount": false,
      "_compositeType": 2,
      "_context": Object {},
      "_currentElement": <App />,
      "_debugID": 1,
      "_hostContainerInfo": null,
      "_hostParent": null,
      "_instance": StatelessComponent {
        "_reactInternalInstance": [Circular],
        "context": Object {},
        "props": Object {},
        "refs": Object {},
        "state": null,
        "updater": Object {
          "enqueueCallback": [Function],
          "enqueueCallbackInternal": [Function],
          "enqueueElementInternal": [Function],
          "enqueueForceUpdate": [Function],
          "enqueueReplaceState": [Function],
          "enqueueSetState": [Function],
          "isMounted": [Function],
          "validateCallback": [Function],
        },
      },
      "_mountOrder": 1,
      "_pendingCallbacks": null,
      "_pendingElement": null,
      "_pendingForceUpdate": false,
      "_pendingReplaceState": false,
      "_pendingStateQueue": null,
      "_renderedComponent": NoopInternalComponent {
        "_currentElement": <div
          className="App">
          <div
                    className="App-header">
                    <img
                              alt="logo"
                              className="App-logo"
                              src="logo.svg" />
                    <h2>
                              Welcome to React
                    </h2>
          </div>
          <p
                    className="App-intro">
                    To get started, edit 
                    <code>
                              src/App.js
                    </code>
                     and save to reload.
          </p>
</div>,
        "_debugID": 2,
        "_renderedOutput": <div
          className="App">
          <div
                    className="App-header">
                    <img
                              alt="logo"
                              className="App-logo"
                              src="logo.svg" />
                    <h2>
                              Welcome to React
                    </h2>
          </div>
          <p
                    className="App-intro">
                    To get started, edit 
                    <code>
                              src/App.js
                    </code>
                     and save to reload.
          </p>
</div>,
      },
      "_renderedNodeType": 0,
      "_rootNodeID": 0,
      "_topLevelWrapper": null,
      "_updateBatchNumber": null,
      "_warnedAboutRefsInRender": false,
    },
    "getRenderOutput": [Function],
    "render": [Function],
  },
  "root": [Circular],
  "unrendered": <App />,
}
`;
